[1;31m123456789|123456789|123456789|123456789|123456789|123456789|123456789|123456789|123456789|123456789|123456789|123456789|123456789|123456789|123456789|[0m

[1;31mLorem ipsum dolor sit amet, consectetur adipiscing elit. Maecenas vitae imperdiet tellus. Vivamus sagittis mauris in[0m
[1;31mmagna aliquet dapibus. Donec augue libero, commodo ac eleifend sed, ultricies quis lorem. Duis nisl arcu, facilisis a[0m
[1;31mcursus ac, adipiscing eu metus. Sed cursus enim et metus sodales ornare. Donec elementum ipsum eu augue luctus laoreet.[0m
[1;31mDuis nec neque eu metus venenatis vestibulum. Aenean arcu arcu, scelerisque fringilla suscipit vitae, mollis ac quam.[0m
[1;31mNam eleifend rutrum tellus ac venenatis.[0m

[1;31mUt vel orci id nisl sagittis feugiat. Praesent auctor tincidunt lacus ut ultrices. Class aptent taciti sociosqu ad[0m
[1;31mlitora torquent per conubia nostra, per inceptos himenaeos. Morbi pulvinar tortor eget neque feugiat ac scelerisque mi[0m
[1;31mvehicula. In lobortis rutrum rhoncus. Praesent leo risus, dignissim vel bibendum sed, sodales sit amet risus. Curabitur[0m
[1;31mvolutpat porttitor nibh id ullamcorper. Ut ultrices varius dui, molestie bibendum odio volutpat eu. Phasellus convallis[0m
[1;31mposuere dui condimentum imperdiet. Mauris feugiat consectetur euismod. Integer porta hendrerit ligula non blandit.[0m
[1;31mPraesent imperdiet auctor tincidunt.[0m

[1;31mPellentesque suscipit purus a neque pretium ac laoreet felis cursus. Aliquam lacinia augue id felis aliquet quis dapibus[0m
[1;31mnibh condimentum. Cum sociis natoque penatibus et magnis dis parturient montes, nascetur ridiculus mus. Vestibulum vel[0m
[1;31mrutrum risus. Duis faucibus nisi et ante tincidunt pharetra. Sed tincidunt, purus ut cursus vestibulum, erat ipsum[0m
[1;31mpretium tellus, eu rhoncus ipsum augue ut augue. Morbi ut bibendum ante. Maecenas accumsan diam id nibh tincidunt[0m
[1;31mcondimentum pulvinar vitae quam. Class aptent taciti sociosqu ad litora torquent per conubia nostra, per inceptos[0m
[1;31mhimenaeos. Aliquam nec mi quam, eu dictum magna.[0m

[1;31mVestibulum ante ipsum primis in faucibus orci luctus et ultrices posuere cubilia Curae; Nulla congue arcu ac nisi cursus[0m
[1;31meuismod. Curabitur facilisis turpis ac nunc imperdiet id ultrices risus porta. Nunc condimentum vestibulum sapien sit[0m
[1;31mamet commodo. Proin eget dolor velit. Nullam fermentum, nulla vel pellentesque imperdiet, magna orci suscipit turpis,[0m
[1;31mvitae vehicula purus mauris at enim. Maecenas iaculis, dui ac auctor lobortis, velit nunc placerat magna, id bibendum[0m
[1;31murna magna a mauris. Proin sed nibh in mi rhoncus consectetur id in neque.[0m

[1;31mVivamus facilisis consequat neque a cursus. Curabitur cursus bibendum est nec dictum. Morbi tempor semper faucibus.[0m
[1;31mMorbi suscipit mi et dolor fermentum fermentum. Duis orci dui, varius sit amet tincidunt sed, eleifend ut mauris. Donec[0m
[1;31mscelerisque mauris eu purus rhoncus viverra. Sed ipsum erat, dignissim congue molestie id, rhoncus vel lectus. Class[0m
[1;31maptent taciti sociosqu ad litora torquent per conubia nostra, per inceptos himenaeos. Quisque libero libero, tristique[0m
[1;31mplacerat pretium eget, congue a nisl. Integer malesuada facilisis elit a posuere.[0m

[1;31mSuspendisse ultrices vulputate faucibus. Praesent nec dolor tortor, blandit scelerisque magna. Integer nec varius enim.[0m
[1;31mPraesent varius egestas iaculis. Sed vestibulum libero id odio laoreet ut volutpat ligula ullamcorper. Duis velit enim,[0m
[1;31mtempus eu egestas vitae, pulvinar sed nulla. Praesent tortor erat, venenatis tempus mollis vel, fringilla id mi.[0m
[1;31mCurabitur fringilla dapibus ante eget egestas. Nulla at metus erat. Curabitur sit amet nibh id mi luctus blandit.[0m

[1;31mMorbi metus odio, rutrum quis pellentesque vitae, tempus ac eros. Mauris pulvinar, erat et dictum pulvinar, odio turpis[0m
[1;31mornare libero, eu venenatis urna ante sed ante. Proin euismod libero eleifend elit posuere sed pharetra odio aliquam. Ut[0m
[1;31mnon turpis id lorem feugiat pretium eu vitae dolor. Morbi metus lectus, rutrum sed adipiscing id, hendrerit ultrices[0m
[1;31mjusto. Vivamus vel metus id massa tempor cursus. Suspendisse malesuada erat sit amet lectus sollicitudin lacinia.[0m
[1;31mPellentesque habitant morbi tristique senectus et netus et malesuada fames ac turpis egestas. Sed pretium mi ornare[0m
[1;31mrisus porta eu venenatis mauris ullamcorper. Phasellus eget leo non purus vestibulum faucibus. Morbi id dolor ac est[0m
[1;31msuscipit placerat ullamcorper ut risus.[0m

[1;31mProin vel metus nisl. Phasellus dignissim condimentum lectus, luctus porttitor tortor molestie quis. Donec ut diam quis[0m
[1;31mnisi fermentum blandit nec sit amet augue. Vivamus vitae nisl a odio blandit pellentesque vitae nec est. Ut malesuada[0m
[1;31mvulputate tellus ac commodo. Maecenas magna nulla, fermentum in interdum in, semper ac metus. Nunc sed diam vitae purus[0m
[1;31megestas viverra vitae id metus. Sed ante arcu, sodales eu laoreet sed, dapibus rhoncus felis. [0m

